Archive member included to satisfy reference by file (symbol)

/usr/lib/gcc/arm-none-eabi/10.3.1/../../../arm-none-eabi/lib/thumb/v7e-m+fp/hard/libc_nano.a(lib_a-atexit.o)
                              /usr/lib/gcc/arm-none-eabi/10.3.1/../../../arm-none-eabi/lib/thumb/v7e-m+fp/hard/crt0.o (atexit)
/usr/lib/gcc/arm-none-eabi/10.3.1/../../../arm-none-eabi/lib/thumb/v7e-m+fp/hard/libc_nano.a(lib_a-exit.o)
                              /usr/lib/gcc/arm-none-eabi/10.3.1/../../../arm-none-eabi/lib/thumb/v7e-m+fp/hard/crt0.o (exit)
/usr/lib/gcc/arm-none-eabi/10.3.1/../../../arm-none-eabi/lib/thumb/v7e-m+fp/hard/libc_nano.a(lib_a-fini.o)
                              /usr/lib/gcc/arm-none-eabi/10.3.1/../../../arm-none-eabi/lib/thumb/v7e-m+fp/hard/crt0.o (__libc_fini_array)
/usr/lib/gcc/arm-none-eabi/10.3.1/../../../arm-none-eabi/lib/thumb/v7e-m+fp/hard/libc_nano.a(lib_a-impure.o)
                              /usr/lib/gcc/arm-none-eabi/10.3.1/../../../arm-none-eabi/lib/thumb/v7e-m+fp/hard/libc_nano.a(lib_a-exit.o) (_global_impure_ptr)
/usr/lib/gcc/arm-none-eabi/10.3.1/../../../arm-none-eabi/lib/thumb/v7e-m+fp/hard/libc_nano.a(lib_a-init.o)
                              /usr/lib/gcc/arm-none-eabi/10.3.1/../../../arm-none-eabi/lib/thumb/v7e-m+fp/hard/crt0.o (__libc_init_array)
/usr/lib/gcc/arm-none-eabi/10.3.1/../../../arm-none-eabi/lib/thumb/v7e-m+fp/hard/libc_nano.a(lib_a-memset.o)
                              /usr/lib/gcc/arm-none-eabi/10.3.1/../../../arm-none-eabi/lib/thumb/v7e-m+fp/hard/crt0.o (memset)
/usr/lib/gcc/arm-none-eabi/10.3.1/../../../arm-none-eabi/lib/thumb/v7e-m+fp/hard/libc_nano.a(lib_a-__atexit.o)
                              /usr/lib/gcc/arm-none-eabi/10.3.1/../../../arm-none-eabi/lib/thumb/v7e-m+fp/hard/libc_nano.a(lib_a-atexit.o) (__register_exitproc)
/usr/lib/gcc/arm-none-eabi/10.3.1/../../../arm-none-eabi/lib/thumb/v7e-m+fp/hard/libc_nano.a(lib_a-__call_atexit.o)
                              /usr/lib/gcc/arm-none-eabi/10.3.1/../../../arm-none-eabi/lib/thumb/v7e-m+fp/hard/libc_nano.a(lib_a-__atexit.o) (__call_exitprocs)
/usr/lib/gcc/arm-none-eabi/10.3.1/thumb/v7e-m+fp/hard/libgcc.a(_aeabi_uldivmod.o)
                              CMakeFiles/CustomBootloader.dir/Drivers/STM32F4xx_HAL_Driver/Src/stm32f4xx_hal_rcc.c.obj (__aeabi_uldivmod)
/usr/lib/gcc/arm-none-eabi/10.3.1/thumb/v7e-m+fp/hard/libgcc.a(_udivmoddi4.o)
                              /usr/lib/gcc/arm-none-eabi/10.3.1/thumb/v7e-m+fp/hard/libgcc.a(_aeabi_uldivmod.o) (__udivmoddi4)
/usr/lib/gcc/arm-none-eabi/10.3.1/thumb/v7e-m+fp/hard/libgcc.a(_dvmd_tls.o)
                              /usr/lib/gcc/arm-none-eabi/10.3.1/thumb/v7e-m+fp/hard/libgcc.a(_aeabi_uldivmod.o) (__aeabi_ldiv0)
/usr/lib/gcc/arm-none-eabi/10.3.1/../../../arm-none-eabi/lib/thumb/v7e-m+fp/hard/libg_nano.a(lib_a-errno.o)
                              CMakeFiles/CustomBootloader.dir/Core/Src/sysmem.c.obj (__errno)

Discarded input sections

 .text          0x0000000000000000        0x0 /usr/lib/gcc/arm-none-eabi/10.3.1/thumb/v7e-m+fp/hard/crti.o
 .data          0x0000000000000000        0x0 /usr/lib/gcc/arm-none-eabi/10.3.1/thumb/v7e-m+fp/hard/crti.o
 .bss           0x0000000000000000        0x0 /usr/lib/gcc/arm-none-eabi/10.3.1/thumb/v7e-m+fp/hard/crti.o
 .data          0x0000000000000000        0x4 /usr/lib/gcc/arm-none-eabi/10.3.1/thumb/v7e-m+fp/hard/crtbegin.o
 .rodata        0x0000000000000000       0x24 /usr/lib/gcc/arm-none-eabi/10.3.1/thumb/v7e-m+fp/hard/crtbegin.o
 .text          0x0000000000000000       0x70 /usr/lib/gcc/arm-none-eabi/10.3.1/../../../arm-none-eabi/lib/thumb/v7e-m+fp/hard/crt0.o
 .data          0x0000000000000000        0x0 /usr/lib/gcc/arm-none-eabi/10.3.1/../../../arm-none-eabi/lib/thumb/v7e-m+fp/hard/crt0.o
 .bss           0x0000000000000000        0x0 /usr/lib/gcc/arm-none-eabi/10.3.1/../../../arm-none-eabi/lib/thumb/v7e-m+fp/hard/crt0.o
 .ARM.extab     0x0000000000000000        0x0 /usr/lib/gcc/arm-none-eabi/10.3.1/../../../arm-none-eabi/lib/thumb/v7e-m+fp/hard/crt0.o
 .ARM.exidx     0x0000000000000000       0x10 /usr/lib/gcc/arm-none-eabi/10.3.1/../../../arm-none-eabi/lib/thumb/v7e-m+fp/hard/crt0.o
 .debug_line    0x0000000000000000       0x87 /usr/lib/gcc/arm-none-eabi/10.3.1/../../../arm-none-eabi/lib/thumb/v7e-m+fp/hard/crt0.o
 .debug_info    0x0000000000000000       0x26 /usr/lib/gcc/arm-none-eabi/10.3.1/../../../arm-none-eabi/lib/thumb/v7e-m+fp/hard/crt0.o
 .debug_abbrev  0x0000000000000000       0x14 /usr/lib/gcc/arm-none-eabi/10.3.1/../../../arm-none-eabi/lib/thumb/v7e-m+fp/hard/crt0.o
 .debug_aranges
                0x0000000000000000       0x20 /usr/lib/gcc/arm-none-eabi/10.3.1/../../../arm-none-eabi/lib/thumb/v7e-m+fp/hard/crt0.o
 .debug_str     0x0000000000000000       0x98 /usr/lib/gcc/arm-none-eabi/10.3.1/../../../arm-none-eabi/lib/thumb/v7e-m+fp/hard/crt0.o
 .ARM.attributes
                0x0000000000000000       0x1c /usr/lib/gcc/arm-none-eabi/10.3.1/../../../arm-none-eabi/lib/thumb/v7e-m+fp/hard/crt0.o
[...]
Memory Configuration

Name             Origin             Length             Attributes
RAM              0x0000000020000000 0x0000000000018000 xrw
FLASH            0x0000000008000000 0x0000000000080000 xr
*default*        0x0000000000000000 0xffffffffffffffff

Linker script and memory map

LOAD /usr/lib/gcc/arm-none-eabi/10.3.1/thumb/v7e-m+fp/hard/crti.o
LOAD /usr/lib/gcc/arm-none-eabi/10.3.1/thumb/v7e-m+fp/hard/crtbegin.o
LOAD /usr/lib/gcc/arm-none-eabi/10.3.1/../../../arm-none-eabi/lib/thumb/v7e-m+fp/hard/crt0.o
START GROUP
LOAD /usr/lib/gcc/arm-none-eabi/10.3.1/../../../arm-none-eabi/lib/thumb/v7e-m+fp/hard/libc_nano.a
LOAD /usr/lib/gcc/arm-none-eabi/10.3.1/../../../arm-none-eabi/lib/thumb/v7e-m+fp/hard/libm.a
END GROUP
LOAD CMakeFiles/CustomBootloader.dir/Core/Src/main.c.obj
LOAD CMakeFiles/CustomBootloader.dir/Core/Src/stm32f4xx_it.c.obj
LOAD CMakeFiles/CustomBootloader.dir/Core/Src/stm32f4xx_hal_msp.c.obj
LOAD CMakeFiles/CustomBootloader.dir/Drivers/STM32F4xx_HAL_Driver/Src/stm32f4xx_hal_crc.c.obj
LOAD CMakeFiles/CustomBootloader.dir/Drivers/STM32F4xx_HAL_Driver/Src/stm32f4xx_hal_rcc.c.obj
LOAD CMakeFiles/CustomBootloader.dir/Drivers/STM32F4xx_HAL_Driver/Src/stm32f4xx_hal_rcc_ex.c.obj
LOAD CMakeFiles/CustomBootloader.dir/Drivers/STM32F4xx_HAL_Driver/Src/stm32f4xx_hal_flash.c.obj
LOAD CMakeFiles/CustomBootloader.dir/Drivers/STM32F4xx_HAL_Driver/Src/stm32f4xx_hal_flash_ex.c.obj
LOAD CMakeFiles/CustomBootloader.dir/Drivers/STM32F4xx_HAL_Driver/Src/stm32f4xx_hal_flash_ramfunc.c.obj
LOAD CMakeFiles/CustomBootloader.dir/Drivers/STM32F4xx_HAL_Driver/Src/stm32f4xx_hal_gpio.c.obj
LOAD CMakeFiles/CustomBootloader.dir/Drivers/STM32F4xx_HAL_Driver/Src/stm32f4xx_hal_dma_ex.c.obj
LOAD CMakeFiles/CustomBootloader.dir/Drivers/STM32F4xx_HAL_Driver/Src/stm32f4xx_hal_dma.c.obj
LOAD CMakeFiles/CustomBootloader.dir/Drivers/STM32F4xx_HAL_Driver/Src/stm32f4xx_hal_pwr.c.obj
LOAD CMakeFiles/CustomBootloader.dir/Drivers/STM32F4xx_HAL_Driver/Src/stm32f4xx_hal_pwr_ex.c.obj
LOAD CMakeFiles/CustomBootloader.dir/Drivers/STM32F4xx_HAL_Driver/Src/stm32f4xx_hal_cortex.c.obj
LOAD CMakeFiles/CustomBootloader.dir/Drivers/STM32F4xx_HAL_Driver/Src/stm32f4xx_hal.c.obj
LOAD CMakeFiles/CustomBootloader.dir/Drivers/STM32F4xx_HAL_Driver/Src/stm32f4xx_hal_exti.c.obj
LOAD CMakeFiles/CustomBootloader.dir/Drivers/STM32F4xx_HAL_Driver/Src/stm32f4xx_hal_tim.c.obj
LOAD CMakeFiles/CustomBootloader.dir/Drivers/STM32F4xx_HAL_Driver/Src/stm32f4xx_hal_tim_ex.c.obj
LOAD CMakeFiles/CustomBootloader.dir/Drivers/STM32F4xx_HAL_Driver/Src/stm32f4xx_hal_uart.c.obj
LOAD CMakeFiles/CustomBootloader.dir/Core/Src/system_stm32f4xx.c.obj
LOAD CMakeFiles/CustomBootloader.dir/Core/Src/sysmem.c.obj
LOAD CMakeFiles/CustomBootloader.dir/Core/Src/syscalls.c.obj
LOAD CMakeFiles/CustomBootloader.dir/startup_stm32f401xe.s.obj
START GROUP
LOAD /usr/lib/gcc/arm-none-eabi/10.3.1/thumb/v7e-m+fp/hard/libgcc.a
LOAD /usr/lib/gcc/arm-none-eabi/10.3.1/../../../arm-none-eabi/lib/thumb/v7e-m+fp/hard/libg_nano.a
LOAD /usr/lib/gcc/arm-none-eabi/10.3.1/../../../arm-none-eabi/lib/thumb/v7e-m+fp/hard/libc_nano.a
END GROUP
START GROUP
LOAD /usr/lib/gcc/arm-none-eabi/10.3.1/thumb/v7e-m+fp/hard/libgcc.a
LOAD /usr/lib/gcc/arm-none-eabi/10.3.1/../../../arm-none-eabi/lib/thumb/v7e-m+fp/hard/libc_nano.a
END GROUP
LOAD /usr/lib/gcc/arm-none-eabi/10.3.1/thumb/v7e-m+fp/hard/crtend.o
LOAD /usr/lib/gcc/arm-none-eabi/10.3.1/thumb/v7e-m+fp/hard/crtn.o
                0x0000000020018000                _estack = (ORIGIN (RAM) + LENGTH (RAM))
                0x0000000000000200                _Min_Heap_Size = 0x200
                0x0000000000000400                _Min_Stack_Size = 0x400

.isr_vector     0x0000000008000000      0x194
                0x0000000008000000                . = ALIGN (0x4)
 *(.isr_vector)
 .isr_vector    0x0000000008000000      0x194 CMakeFiles/CustomBootloader.dir/startup_stm32f401xe.s.obj
                0x0000000008000000                g_pfnVectors
                0x0000000008000194                . = ALIGN (0x4)

.text           0x0000000008000194     0x1db4
                0x0000000008000194                . = ALIGN (0x4)
 *(.text)
 .text          0x0000000008000194       0x88 /usr/lib/gcc/arm-none-eabi/10.3.1/thumb/v7e-m+fp/hard/crtbegin.o
 .text          0x000000000800021c       0x48 /usr/lib/gcc/arm-none-eabi/10.3.1/../../../arm-none-eabi/lib/thumb/v7e-m+fp/hard/libc_nano.a(lib_a-init.o)
                0x000000000800021c                __libc_init_array
 .text          0x0000000008000264       0xa4 /usr/lib/gcc/arm-none-eabi/10.3.1/../../../arm-none-eabi/lib/thumb/v7e-m+fp/hard/libc_nano.a(lib_a-memset.o)
                0x0000000008000264                memset
 .text          0x0000000008000308       0x30 /usr/lib/gcc/arm-none-eabi/10.3.1/thumb/v7e-m+fp/hard/libgcc.a(_aeabi_uldivmod.o)
                0x0000000008000308                __aeabi_uldivmod
 .text          0x0000000008000338      0x2d0 /usr/lib/gcc/arm-none-eabi/10.3.1/thumb/v7e-m+fp/hard/libgcc.a(_udivmoddi4.o)
                0x0000000008000338                __udivmoddi4
 .text          0x0000000008000608        0x4 /usr/lib/gcc/arm-none-eabi/10.3.1/thumb/v7e-m+fp/hard/libgcc.a(_dvmd_tls.o)
                0x0000000008000608                __aeabi_ldiv0
                0x0000000008000608                __aeabi_idiv0
 *(.text*)
 .text.main     0x000000000800060c       0x1a CMakeFiles/CustomBootloader.dir/Core/Src/main.c.obj
                0x000000000800060c                main
 *fill*         0x0000000008000626        0x2 
 .text.SystemClock_Config
                0x0000000008000628       0xd8 CMakeFiles/CustomBootloader.dir/Core/Src/main.c.obj
                0x0000000008000628                SystemClock_Config
 .text.MX_CRC_Init
                0x0000000008000700       0x28 CMakeFiles/CustomBootloader.dir/Core/Src/main.c.obj
 .text.MX_USART2_UART_Init
                0x0000000008000728       0x54 CMakeFiles/CustomBootloader.dir/Core/Src/main.c.obj
 .text.MX_GPIO_Init
                0x000000000800077c       0xdc CMakeFiles/CustomBootloader.dir/Core/Src/main.c.obj
 .text.Error_Handler
                0x0000000008000858        0xa CMakeFiles/CustomBootloader.dir/Core/Src/main.c.obj
                0x0000000008000858                Error_Handler
 .text.NMI_Handler
                0x0000000008000862        0x6 CMakeFiles/CustomBootloader.dir/Core/Src/stm32f4xx_it.c.obj
                0x0000000008000862                NMI_Handler
 .text.HardFault_Handler
                0x0000000008000868        0x6 CMakeFiles/CustomBootloader.dir/Core/Src/stm32f4xx_it.c.obj
                0x0000000008000868                HardFault_Handler
 .text.MemManage_Handler
                0x000000000800086e        0x6 CMakeFiles/CustomBootloader.dir/Core/Src/stm32f4xx_it.c.obj
                0x000000000800086e                MemManage_Handler
 .text.BusFault_Handler
                0x0000000008000874        0x6 CMakeFiles/CustomBootloader.dir/Core/Src/stm32f4xx_it.c.obj
                0x0000000008000874                BusFault_Handler
 .text.UsageFault_Handler
                0x000000000800087a        0x6 CMakeFiles/CustomBootloader.dir/Core/Src/stm32f4xx_it.c.obj
                0x000000000800087a                UsageFault_Handler
 .text.SVC_Handler
                0x0000000008000880        0xe CMakeFiles/CustomBootloader.dir/Core/Src/stm32f4xx_it.c.obj
                0x0000000008000880                SVC_Handler
 .text.DebugMon_Handler
                0x000000000800088e        0xe CMakeFiles/CustomBootloader.dir/Core/Src/stm32f4xx_it.c.obj
                0x000000000800088e                DebugMon_Handler
 .text.PendSV_Handler
                0x000000000800089c        0xe CMakeFiles/CustomBootloader.dir/Core/Src/stm32f4xx_it.c.obj
                0x000000000800089c                PendSV_Handler
 .text.SysTick_Handler
                0x00000000080008aa        0xc CMakeFiles/CustomBootloader.dir/Core/Src/stm32f4xx_it.c.obj
                0x00000000080008aa                SysTick_Handler
 *fill*         0x00000000080008b6        0x2 
 .text.HAL_MspInit
                0x00000000080008b8       0x50 CMakeFiles/CustomBootloader.dir/Core/Src/stm32f4xx_hal_msp.c.obj
                0x00000000080008b8                HAL_MspInit
 .text.HAL_CRC_MspInit
                0x0000000008000908       0x44 CMakeFiles/CustomBootloader.dir/Core/Src/stm32f4xx_hal_msp.c.obj
                0x0000000008000908                HAL_CRC_MspInit
 .text.HAL_UART_MspInit
                0x000000000800094c       0x90 CMakeFiles/CustomBootloader.dir/Core/Src/stm32f4xx_hal_msp.c.obj
                0x000000000800094c                HAL_UART_MspInit
 .text.HAL_CRC_Init
                0x00000000080009dc       0x38 CMakeFiles/CustomBootloader.dir/Drivers/STM32F4xx_HAL_Driver/Src/stm32f4xx_hal_crc.c.obj
                0x00000000080009dc                HAL_CRC_Init
 .text.HAL_RCC_OscConfig
                0x0000000008000a14      0x4f0 CMakeFiles/CustomBootloader.dir/Drivers/STM32F4xx_HAL_Driver/Src/stm32f4xx_hal_rcc.c.obj
                0x0000000008000a14                HAL_RCC_OscConfig
 .text.HAL_RCC_ClockConfig
                0x0000000008000f04      0x1cc CMakeFiles/CustomBootloader.dir/Drivers/STM32F4xx_HAL_Driver/Src/stm32f4xx_hal_rcc.c.obj
                0x0000000008000f04                HAL_RCC_ClockConfig
 .text.HAL_RCC_GetSysClockFreq
                0x00000000080010d0      0x20c CMakeFiles/CustomBootloader.dir/Drivers/STM32F4xx_HAL_Driver/Src/stm32f4xx_hal_rcc.c.obj
                0x00000000080010d0                HAL_RCC_GetSysClockFreq
 .text.HAL_RCC_GetHCLKFreq
                0x00000000080012dc       0x18 CMakeFiles/CustomBootloader.dir/Drivers/STM32F4xx_HAL_Driver/Src/stm32f4xx_hal_rcc.c.obj
                0x00000000080012dc                HAL_RCC_GetHCLKFreq
 .text.HAL_RCC_GetPCLK1Freq
                0x00000000080012f4       0x28 CMakeFiles/CustomBootloader.dir/Drivers/STM32F4xx_HAL_Driver/Src/stm32f4xx_hal_rcc.c.obj
                0x00000000080012f4                HAL_RCC_GetPCLK1Freq
 .text.HAL_RCC_GetPCLK2Freq
                0x000000000800131c       0x28 CMakeFiles/CustomBootloader.dir/Drivers/STM32F4xx_HAL_Driver/Src/stm32f4xx_hal_rcc.c.obj
                0x000000000800131c                HAL_RCC_GetPCLK2Freq
 .text.HAL_GPIO_Init
                0x0000000008001344      0x308 CMakeFiles/CustomBootloader.dir/Drivers/STM32F4xx_HAL_Driver/Src/stm32f4xx_hal_gpio.c.obj
                0x0000000008001344                HAL_GPIO_Init
 .text.HAL_GPIO_WritePin
                0x000000000800164c       0x32 CMakeFiles/CustomBootloader.dir/Drivers/STM32F4xx_HAL_Driver/Src/stm32f4xx_hal_gpio.c.obj
                0x000000000800164c                HAL_GPIO_WritePin
 *fill*         0x000000000800167e        0x2 
 .text.__NVIC_SetPriorityGrouping
                0x0000000008001680       0x48 CMakeFiles/CustomBootloader.dir/Drivers/STM32F4xx_HAL_Driver/Src/stm32f4xx_hal_cortex.c.obj
 .text.__NVIC_GetPriorityGrouping
                0x00000000080016c8       0x1c CMakeFiles/CustomBootloader.dir/Drivers/STM32F4xx_HAL_Driver/Src/stm32f4xx_hal_cortex.c.obj
 .text.__NVIC_SetPriority
                0x00000000080016e4       0x54 CMakeFiles/CustomBootloader.dir/Drivers/STM32F4xx_HAL_Driver/Src/stm32f4xx_hal_cortex.c.obj
 .text.NVIC_EncodePriority
                0x0000000008001738       0x66 CMakeFiles/CustomBootloader.dir/Drivers/STM32F4xx_HAL_Driver/Src/stm32f4xx_hal_cortex.c.obj
 *fill*         0x000000000800179e        0x2 
 .text.SysTick_Config
                0x00000000080017a0       0x44 CMakeFiles/CustomBootloader.dir/Drivers/STM32F4xx_HAL_Driver/Src/stm32f4xx_hal_cortex.c.obj
 .text.HAL_NVIC_SetPriorityGrouping
                0x00000000080017e4       0x16 CMakeFiles/CustomBootloader.dir/Drivers/STM32F4xx_HAL_Driver/Src/stm32f4xx_hal_cortex.c.obj
                0x00000000080017e4                HAL_NVIC_SetPriorityGrouping
 .text.HAL_NVIC_SetPriority
                0x00000000080017fa       0x38 CMakeFiles/CustomBootloader.dir/Drivers/STM32F4xx_HAL_Driver/Src/stm32f4xx_hal_cortex.c.obj
                0x00000000080017fa                HAL_NVIC_SetPriority
 .text.HAL_SYSTICK_Config
                0x0000000008001832       0x18 CMakeFiles/CustomBootloader.dir/Drivers/STM32F4xx_HAL_Driver/Src/stm32f4xx_hal_cortex.c.obj
                0x0000000008001832                HAL_SYSTICK_Config
 *fill*         0x000000000800184a        0x2 
 .text.HAL_Init
                0x000000000800184c       0x44 CMakeFiles/CustomBootloader.dir/Drivers/STM32F4xx_HAL_Driver/Src/stm32f4xx_hal.c.obj
                0x000000000800184c                HAL_Init
 .text.HAL_InitTick
                0x0000000008001890       0x60 CMakeFiles/CustomBootloader.dir/Drivers/STM32F4xx_HAL_Driver/Src/stm32f4xx_hal.c.obj
                0x0000000008001890                HAL_InitTick
 .text.HAL_IncTick
                0x00000000080018f0       0x28 CMakeFiles/CustomBootloader.dir/Drivers/STM32F4xx_HAL_Driver/Src/stm32f4xx_hal.c.obj
                0x00000000080018f0                HAL_IncTick
 .text.HAL_GetTick
                0x0000000008001918       0x18 CMakeFiles/CustomBootloader.dir/Drivers/STM32F4xx_HAL_Driver/Src/stm32f4xx_hal.c.obj
                0x0000000008001918                HAL_GetTick
 .text.HAL_UART_Init
                0x0000000008001930       0xa0 CMakeFiles/CustomBootloader.dir/Drivers/STM32F4xx_HAL_Driver/Src/stm32f4xx_hal_uart.c.obj
                0x0000000008001930                HAL_UART_Init
 .text.UART_SetConfig
                0x00000000080019d0      0x4e8 CMakeFiles/CustomBootloader.dir/Drivers/STM32F4xx_HAL_Driver/Src/stm32f4xx_hal_uart.c.obj
 .text.SystemInit
                0x0000000008001eb8       0x24 CMakeFiles/CustomBootloader.dir/Core/Src/system_stm32f4xx.c.obj
                0x0000000008001eb8                SystemInit
 .text.Reset_Handler
                0x0000000008001edc       0x50 CMakeFiles/CustomBootloader.dir/startup_stm32f401xe.s.obj
                0x0000000008001edc                Reset_Handler
 .text.Default_Handler
                0x0000000008001f2c        0x2 CMakeFiles/CustomBootloader.dir/startup_stm32f401xe.s.obj
                0x0000000008001f2c                RTC_Alarm_IRQHandler
                0x0000000008001f2c                EXTI2_IRQHandler
                0x0000000008001f2c                SPI4_IRQHandler
                0x0000000008001f2c                TIM1_CC_IRQHandler
                0x0000000008001f2c                DMA2_Stream5_IRQHandler
                0x0000000008001f2c                DMA1_Stream5_IRQHandler
                0x0000000008001f2c                PVD_IRQHandler
                0x0000000008001f2c                SDIO_IRQHandler
                0x0000000008001f2c                TAMP_STAMP_IRQHandler
                0x0000000008001f2c                EXTI3_IRQHandler
                0x0000000008001f2c                TIM1_UP_TIM10_IRQHandler
                0x0000000008001f2c                I2C3_ER_IRQHandler
                0x0000000008001f2c                EXTI0_IRQHandler
                0x0000000008001f2c                I2C2_EV_IRQHandler
                0x0000000008001f2c                DMA1_Stream2_IRQHandler
                0x0000000008001f2c                FPU_IRQHandler
                0x0000000008001f2c                DMA2_Stream2_IRQHandler
                0x0000000008001f2c                SPI1_IRQHandler
                0x0000000008001f2c                TIM1_BRK_TIM9_IRQHandler
                0x0000000008001f2c                DMA2_Stream3_IRQHandler
                0x0000000008001f2c                USART6_IRQHandler
                0x0000000008001f2c                DMA2_Stream0_IRQHandler
                0x0000000008001f2c                TIM4_IRQHandler
                0x0000000008001f2c                I2C1_EV_IRQHandler
                0x0000000008001f2c                DMA1_Stream6_IRQHandler
                0x0000000008001f2c                DMA1_Stream1_IRQHandler
                0x0000000008001f2c                TIM3_IRQHandler
                0x0000000008001f2c                RCC_IRQHandler
                0x0000000008001f2c                Default_Handler
                0x0000000008001f2c                EXTI15_10_IRQHandler
                0x0000000008001f2c                ADC_IRQHandler
                0x0000000008001f2c                DMA1_Stream7_IRQHandler
                0x0000000008001f2c                TIM5_IRQHandler
                0x0000000008001f2c                DMA2_Stream7_IRQHandler
                0x0000000008001f2c                I2C3_EV_IRQHandler
                0x0000000008001f2c                EXTI9_5_IRQHandler
                0x0000000008001f2c                RTC_WKUP_IRQHandler
                0x0000000008001f2c                SPI2_IRQHandler
                0x0000000008001f2c                DMA1_Stream0_IRQHandler
                0x0000000008001f2c                EXTI4_IRQHandler
                0x0000000008001f2c                WWDG_IRQHandler
                0x0000000008001f2c                TIM2_IRQHandler
                0x0000000008001f2c                OTG_FS_WKUP_IRQHandler
                0x0000000008001f2c                TIM1_TRG_COM_TIM11_IRQHandler
                0x0000000008001f2c                EXTI1_IRQHandler
                0x0000000008001f2c                USART2_IRQHandler
                0x0000000008001f2c                I2C2_ER_IRQHandler
                0x0000000008001f2c                DMA2_Stream1_IRQHandler
                0x0000000008001f2c                FLASH_IRQHandler
                0x0000000008001f2c                DMA2_Stream4_IRQHandler
                0x0000000008001f2c                USART1_IRQHandler
                0x0000000008001f2c                OTG_FS_IRQHandler
                0x0000000008001f2c                SPI3_IRQHandler
                0x0000000008001f2c                DMA1_Stream4_IRQHandler
                0x0000000008001f2c                I2C1_ER_IRQHandler
                0x0000000008001f2c                DMA2_Stream6_IRQHandler
                0x0000000008001f2c                DMA1_Stream3_IRQHandler
 *(.glue_7)
 .glue_7        0x0000000008001f2e        0x0 linker stubs
 *(.glue_7t)
 .glue_7t       0x0000000008001f2e        0x0 linker stubs
 *(.eh_frame)
 *fill*         0x0000000008001f2e        0x2 
 .eh_frame      0x0000000008001f30        0x0 /usr/lib/gcc/arm-none-eabi/10.3.1/thumb/v7e-m+fp/hard/crtbegin.o
 *(.init)
 .init          0x0000000008001f30        0x4 /usr/lib/gcc/arm-none-eabi/10.3.1/thumb/v7e-m+fp/hard/crti.o
                0x0000000008001f30                _init
 .init          0x0000000008001f34        0x8 /usr/lib/gcc/arm-none-eabi/10.3.1/thumb/v7e-m+fp/hard/crtn.o
 *(.fini)
 .fini          0x0000000008001f3c        0x4 /usr/lib/gcc/arm-none-eabi/10.3.1/thumb/v7e-m+fp/hard/crti.o
                0x0000000008001f3c                _fini
 .fini          0x0000000008001f40        0x8 /usr/lib/gcc/arm-none-eabi/10.3.1/thumb/v7e-m+fp/hard/crtn.o
                0x0000000008001f48                . = ALIGN (0x4)
                0x0000000008001f48                _etext = .

.vfp11_veneer   0x0000000008001f48        0x0
 .vfp11_veneer  0x0000000008001f48        0x0 linker stubs

.v4_bx          0x0000000008001f48        0x0
 .v4_bx         0x0000000008001f48        0x0 linker stubs

.iplt           0x0000000008001f48        0x0
 .iplt          0x0000000008001f48        0x0 /usr/lib/gcc/arm-none-eabi/10.3.1/thumb/v7e-m+fp/hard/crtbegin.o

.rodata         0x0000000008001f48       0x18
                0x0000000008001f48                . = ALIGN (0x4)
 *(.rodata)
 *(.rodata*)
 .rodata.AHBPrescTable
                0x0000000008001f48       0x10 CMakeFiles/CustomBootloader.dir/Core/Src/system_stm32f4xx.c.obj
                0x0000000008001f48                AHBPrescTable
 .rodata.APBPrescTable
                0x0000000008001f58        0x8 CMakeFiles/CustomBootloader.dir/Core/Src/system_stm32f4xx.c.obj
                0x0000000008001f58                APBPrescTable
                0x0000000008001f60                . = ALIGN (0x4)

.ARM.extab
 *(.ARM.extab* .gnu.linkonce.armextab.*)

.ARM            0x0000000008001f60        0x8
                0x0000000008001f60                __exidx_start = .
 *(.ARM.exidx*)
 .ARM.exidx     0x0000000008001f60        0x8 /usr/lib/gcc/arm-none-eabi/10.3.1/thumb/v7e-m+fp/hard/libgcc.a(_udivmoddi4.o)
                0x0000000008001f68                __exidx_end = .

.rel.dyn        0x0000000008001f68        0x0
 .rel.iplt      0x0000000008001f68        0x0 /usr/lib/gcc/arm-none-eabi/10.3.1/thumb/v7e-m+fp/hard/crtbegin.o

.preinit_array  0x0000000008001f68        0x0
                0x0000000008001f68                PROVIDE (__preinit_array_start = .)
 *(.preinit_array*)
                0x0000000008001f68                PROVIDE (__preinit_array_end = .)

.init_array     0x0000000008001f68        0x4
                0x0000000008001f68                PROVIDE (__init_array_start = .)
 *(SORT_BY_NAME(.init_array.*))
 *(.init_array*)
 .init_array    0x0000000008001f68        0x4 /usr/lib/gcc/arm-none-eabi/10.3.1/thumb/v7e-m+fp/hard/crtbegin.o
                0x0000000008001f6c                PROVIDE (__init_array_end = .)

.fini_array     0x0000000008001f6c        0x4
                0x0000000008001f6c                PROVIDE (__fini_array_start = .)
 *(SORT_BY_NAME(.fini_array.*))
 *(.fini_array*)
 .fini_array    0x0000000008001f6c        0x4 /usr/lib/gcc/arm-none-eabi/10.3.1/thumb/v7e-m+fp/hard/crtbegin.o
                0x0000000008001f70                PROVIDE (__fini_array_end = .)
                0x0000000008001f70                _sidata = LOADADDR (.data)

.data           0x0000000020000000        0xc load address 0x0000000008001f70
                0x0000000020000000                . = ALIGN (0x4)
                0x0000000020000000                _sdata = .
 *(.data)
 *(.data*)
 .data.uwTickPrio
                0x0000000020000000        0x4 CMakeFiles/CustomBootloader.dir/Drivers/STM32F4xx_HAL_Driver/Src/stm32f4xx_hal.c.obj
                0x0000000020000000                uwTickPrio
 .data.uwTickFreq
                0x0000000020000004        0x1 CMakeFiles/CustomBootloader.dir/Drivers/STM32F4xx_HAL_Driver/Src/stm32f4xx_hal.c.obj
                0x0000000020000004                uwTickFreq
 *fill*         0x0000000020000005        0x3 
 .data.SystemCoreClock
                0x0000000020000008        0x4 CMakeFiles/CustomBootloader.dir/Core/Src/system_stm32f4xx.c.obj
                0x0000000020000008                SystemCoreClock
                0x000000002000000c                . = ALIGN (0x4)
                0x000000002000000c                _edata = .

.tm_clone_table
                0x000000002000000c        0x0 load address 0x0000000008001f7c
 .tm_clone_table
                0x000000002000000c        0x0 /usr/lib/gcc/arm-none-eabi/10.3.1/thumb/v7e-m+fp/hard/crtbegin.o
 .tm_clone_table
                0x000000002000000c        0x0 /usr/lib/gcc/arm-none-eabi/10.3.1/thumb/v7e-m+fp/hard/crtend.o

.igot.plt       0x000000002000000c        0x0 load address 0x0000000008001f7c
 .igot.plt      0x000000002000000c        0x0 /usr/lib/gcc/arm-none-eabi/10.3.1/thumb/v7e-m+fp/hard/crtbegin.o
                0x000000002000000c                . = ALIGN (0x4)

.bss            0x000000002000000c       0x70 load address 0x0000000008001f7c
                0x000000002000000c                _sbss = .
                0x000000002000000c                __bss_start__ = _sbss
 *(.bss)
 .bss           0x000000002000000c       0x1c /usr/lib/gcc/arm-none-eabi/10.3.1/thumb/v7e-m+fp/hard/crtbegin.o
 *(.bss*)
 .bss.hcrc      0x0000000020000028        0x8 CMakeFiles/CustomBootloader.dir/Core/Src/main.c.obj
                0x0000000020000028                hcrc
 .bss.huart2    0x0000000020000030       0x48 CMakeFiles/CustomBootloader.dir/Core/Src/main.c.obj
                0x0000000020000030                huart2
 .bss.uwTick    0x0000000020000078        0x4 CMakeFiles/CustomBootloader.dir/Drivers/STM32F4xx_HAL_Driver/Src/stm32f4xx_hal.c.obj
                0x0000000020000078                uwTick
 *(COMMON)
                0x000000002000007c                . = ALIGN (0x4)
                0x000000002000007c                _ebss = .
                0x000000002000007c                __bss_end__ = _ebss

._user_heap_stack
                0x000000002000007c      0x604 load address 0x0000000008001f7c
                0x0000000020000080                . = ALIGN (0x8)
 *fill*         0x000000002000007c        0x4 
                [!provide]                        PROVIDE (end = .)
                0x0000000020000080                PROVIDE (_end = .)
                0x0000000020000280                . = (. + _Min_Heap_Size)
 *fill*         0x0000000020000080      0x200 
                0x0000000020000680                . = (. + _Min_Stack_Size)
 *fill*         0x0000000020000280      0x400 
                0x0000000020000680                . = ALIGN (0x8)

/DISCARD/
 libc.a(*)
 libm.a(*)
 libgcc.a(*)

.ARM.attributes
                0x0000000000000000       0x30
 *(.ARM.attributes)
 .ARM.attributes
                0x0000000000000000       0x1e /usr/lib/gcc/arm-none-eabi/10.3.1/thumb/v7e-m+fp/hard/crti.o
 .ARM.attributes
                0x000000000000001e       0x34 /usr/lib/gcc/arm-none-eabi/10.3.1/thumb/v7e-m+fp/hard/crtbegin.o
 .ARM.attributes
                0x0000000000000052       0x34 /usr/lib/gcc/arm-none-eabi/10.3.1/../../../arm-none-eabi/lib/thumb/v7e-m+fp/hard/libc_nano.a(lib_a-init.o)
 .ARM.attributes
                0x0000000000000086       0x34 /usr/lib/gcc/arm-none-eabi/10.3.1/../../../arm-none-eabi/lib/thumb/v7e-m+fp/hard/libc_nano.a(lib_a-memset.o)
 .ARM.attributes
                0x00000000000000ba       0x34 CMakeFiles/CustomBootloader.dir/Core/Src/main.c.obj
 .ARM.attributes
                0x00000000000000ee       0x34 CMakeFiles/CustomBootloader.dir/Core/Src/stm32f4xx_it.c.obj
 .ARM.attributes
                0x0000000000000122       0x34 CMakeFiles/CustomBootloader.dir/Core/Src/stm32f4xx_hal_msp.c.obj
 .ARM.attributes
                0x0000000000000156       0x34 CMakeFiles/CustomBootloader.dir/Drivers/STM32F4xx_HAL_Driver/Src/stm32f4xx_hal_crc.c.obj
 .ARM.attributes
                0x000000000000018a       0x34 CMakeFiles/CustomBootloader.dir/Drivers/STM32F4xx_HAL_Driver/Src/stm32f4xx_hal_rcc.c.obj
 .ARM.attributes
                0x00000000000001be       0x34 CMakeFiles/CustomBootloader.dir/Drivers/STM32F4xx_HAL_Driver/Src/stm32f4xx_hal_gpio.c.obj
 .ARM.attributes
                0x00000000000001f2       0x34 CMakeFiles/CustomBootloader.dir/Drivers/STM32F4xx_HAL_Driver/Src/stm32f4xx_hal_cortex.c.obj
 .ARM.attributes
                0x0000000000000226       0x34 CMakeFiles/CustomBootloader.dir/Drivers/STM32F4xx_HAL_Driver/Src/stm32f4xx_hal.c.obj
 .ARM.attributes
                0x000000000000025a       0x34 CMakeFiles/CustomBootloader.dir/Drivers/STM32F4xx_HAL_Driver/Src/stm32f4xx_hal_uart.c.obj
 .ARM.attributes
                0x000000000000028e       0x34 CMakeFiles/CustomBootloader.dir/Core/Src/system_stm32f4xx.c.obj
 .ARM.attributes
                0x00000000000002c2       0x21 CMakeFiles/CustomBootloader.dir/startup_stm32f401xe.s.obj
 .ARM.attributes
                0x00000000000002e3       0x1e /usr/lib/gcc/arm-none-eabi/10.3.1/thumb/v7e-m+fp/hard/libgcc.a(_aeabi_uldivmod.o)
 .ARM.attributes
                0x0000000000000301       0x34 /usr/lib/gcc/arm-none-eabi/10.3.1/thumb/v7e-m+fp/hard/libgcc.a(_udivmoddi4.o)
 .ARM.attributes
                0x0000000000000335       0x1e /usr/lib/gcc/arm-none-eabi/10.3.1/thumb/v7e-m+fp/hard/libgcc.a(_dvmd_tls.o)
 .ARM.attributes
                0x0000000000000353       0x32 /usr/lib/gcc/arm-none-eabi/10.3.1/thumb/v7e-m+fp/hard/crtend.o
 .ARM.attributes
                0x0000000000000385       0x1e /usr/lib/gcc/arm-none-eabi/10.3.1/thumb/v7e-m+fp/hard/crtn.o
OUTPUT(CustomBootloader.elf elf32-littlearm)
LOAD linker stubs
LOAD /usr/lib/gcc/arm-none-eabi/10.3.1/../../../arm-none-eabi/lib/thumb/v7e-m+fp/hard/libc.a
LOAD /usr/lib/gcc/arm-none-eabi/10.3.1/../../../arm-none-eabi/lib/thumb/v7e-m+fp/hard/libm.a
LOAD /usr/lib/gcc/arm-none-eabi/10.3.1/thumb/v7e-m+fp/hard/libgcc.a

.comment        0x0000000000000000       0x33
 .comment       0x0000000000000000       0x33 /usr/lib/gcc/arm-none-eabi/10.3.1/thumb/v7e-m+fp/hard/crtbegin.o
                                         0x34 (size before relaxing)
 .comment       0x0000000000000033       0x34 /usr/lib/gcc/arm-none-eabi/10.3.1/../../../arm-none-eabi/lib/thumb/v7e-m+fp/hard/libc_nano.a(lib_a-init.o)
 .comment       0x0000000000000033       0x34 /usr/lib/gcc/arm-none-eabi/10.3.1/../../../arm-none-eabi/lib/thumb/v7e-m+fp/hard/libc_nano.a(lib_a-memset.o)
 .comment       0x0000000000000033       0x34 CMakeFiles/CustomBootloader.dir/Core/Src/main.c.obj
 .comment       0x0000000000000033       0x34 CMakeFiles/CustomBootloader.dir/Core/Src/stm32f4xx_it.c.obj
 .comment       0x0000000000000033       0x34 CMakeFiles/CustomBootloader.dir/Core/Src/stm32f4xx_hal_msp.c.obj
 .comment       0x0000000000000033       0x34 CMakeFiles/CustomBootloader.dir/Drivers/STM32F4xx_HAL_Driver/Src/stm32f4xx_hal_crc.c.obj
 .comment       0x0000000000000033       0x34 CMakeFiles/CustomBootloader.dir/Drivers/STM32F4xx_HAL_Driver/Src/stm32f4xx_hal_rcc.c.obj
 .comment       0x0000000000000033       0x34 CMakeFiles/CustomBootloader.dir/Drivers/STM32F4xx_HAL_Driver/Src/stm32f4xx_hal_gpio.c.obj
 .comment       0x0000000000000033       0x34 CMakeFiles/CustomBootloader.dir/Drivers/STM32F4xx_HAL_Driver/Src/stm32f4xx_hal_cortex.c.obj
 .comment       0x0000000000000033       0x34 CMakeFiles/CustomBootloader.dir/Drivers/STM32F4xx_HAL_Driver/Src/stm32f4xx_hal.c.obj
 .comment       0x0000000000000033       0x34 CMakeFiles/CustomBootloader.dir/Drivers/STM32F4xx_HAL_Driver/Src/stm32f4xx_hal_uart.c.obj
 .comment       0x0000000000000033       0x34 CMakeFiles/CustomBootloader.dir/Core/Src/system_stm32f4xx.c.obj
 .comment       0x0000000000000033       0x34 /usr/lib/gcc/arm-none-eabi/10.3.1/thumb/v7e-m+fp/hard/libgcc.a(_udivmoddi4.o)
 .comment       0x0000000000000033       0x34 /usr/lib/gcc/arm-none-eabi/10.3.1/thumb/v7e-m+fp/hard/crtend.o

.debug_info     0x0000000000000000     0x81e5
 .debug_info    0x0000000000000000      0x11a /usr/lib/gcc/arm-none-eabi/10.3.1/../../../arm-none-eabi/lib/thumb/v7e-m+fp/hard/libc_nano.a(lib_a-init.o)
 .debug_info    0x000000000000011a      0x137 /usr/lib/gcc/arm-none-eabi/10.3.1/../../../arm-none-eabi/lib/thumb/v7e-m+fp/hard/libc_nano.a(lib_a-memset.o)
 .debug_info    0x0000000000000251      0xc80 CMakeFiles/CustomBootloader.dir/Core/Src/main.c.obj
 .debug_info    0x0000000000000ed1      0x119 CMakeFiles/CustomBootloader.dir/Core/Src/stm32f4xx_it.c.obj
 .debug_info    0x0000000000000fea      0xa95 CMakeFiles/CustomBootloader.dir/Core/Src/stm32f4xx_hal_msp.c.obj
 .debug_info    0x0000000000001a7f      0x386 CMakeFiles/CustomBootloader.dir/Drivers/STM32F4xx_HAL_Driver/Src/stm32f4xx_hal_crc.c.obj
 .debug_info    0x0000000000001e05      0x917 CMakeFiles/CustomBootloader.dir/Drivers/STM32F4xx_HAL_Driver/Src/stm32f4xx_hal_rcc.c.obj
 .debug_info    0x000000000000271c      0x76a CMakeFiles/CustomBootloader.dir/Drivers/STM32F4xx_HAL_Driver/Src/stm32f4xx_hal_gpio.c.obj
 .debug_info    0x0000000000002e86      0xd74 CMakeFiles/CustomBootloader.dir/Drivers/STM32F4xx_HAL_Driver/Src/stm32f4xx_hal_cortex.c.obj
 .debug_info    0x0000000000003bfa      0x8a7 CMakeFiles/CustomBootloader.dir/Drivers/STM32F4xx_HAL_Driver/Src/stm32f4xx_hal.c.obj
 .debug_info    0x00000000000044a1     0x3088 CMakeFiles/CustomBootloader.dir/Drivers/STM32F4xx_HAL_Driver/Src/stm32f4xx_hal_uart.c.obj
 .debug_info    0x0000000000007529      0x537 CMakeFiles/CustomBootloader.dir/Core/Src/system_stm32f4xx.c.obj
 .debug_info    0x0000000000007a60       0x22 CMakeFiles/CustomBootloader.dir/startup_stm32f401xe.s.obj
 .debug_info    0x0000000000007a82       0x26 /usr/lib/gcc/arm-none-eabi/10.3.1/thumb/v7e-m+fp/hard/libgcc.a(_aeabi_uldivmod.o)
 .debug_info    0x0000000000007aa8      0x717 /usr/lib/gcc/arm-none-eabi/10.3.1/thumb/v7e-m+fp/hard/libgcc.a(_udivmoddi4.o)
 .debug_info    0x00000000000081bf       0x26 /usr/lib/gcc/arm-none-eabi/10.3.1/thumb/v7e-m+fp/hard/libgcc.a(_dvmd_tls.o)

.debug_abbrev   0x0000000000000000     0x15b1
 .debug_abbrev  0x0000000000000000       0xcc /usr/lib/gcc/arm-none-eabi/10.3.1/../../../arm-none-eabi/lib/thumb/v7e-m+fp/hard/libc_nano.a(lib_a-init.o)
 .debug_abbrev  0x00000000000000cc       0xb4 /usr/lib/gcc/arm-none-eabi/10.3.1/../../../arm-none-eabi/lib/thumb/v7e-m+fp/hard/libc_nano.a(lib_a-memset.o)
 .debug_abbrev  0x0000000000000180      0x1fa CMakeFiles/CustomBootloader.dir/Core/Src/main.c.obj
 .debug_abbrev  0x000000000000037a       0x61 CMakeFiles/CustomBootloader.dir/Core/Src/stm32f4xx_it.c.obj
 .debug_abbrev  0x00000000000003db      0x1a2 CMakeFiles/CustomBootloader.dir/Core/Src/stm32f4xx_hal_msp.c.obj
 .debug_abbrev  0x000000000000057d      0x176 CMakeFiles/CustomBootloader.dir/Drivers/STM32F4xx_HAL_Driver/Src/stm32f4xx_hal_crc.c.obj
 .debug_abbrev  0x00000000000006f3      0x262 CMakeFiles/CustomBootloader.dir/Drivers/STM32F4xx_HAL_Driver/Src/stm32f4xx_hal_rcc.c.obj
 .debug_abbrev  0x0000000000000955      0x1c4 CMakeFiles/CustomBootloader.dir/Drivers/STM32F4xx_HAL_Driver/Src/stm32f4xx_hal_gpio.c.obj
 .debug_abbrev  0x0000000000000b19      0x316 CMakeFiles/CustomBootloader.dir/Drivers/STM32F4xx_HAL_Driver/Src/stm32f4xx_hal_cortex.c.obj
 .debug_abbrev  0x0000000000000e2f      0x20b CMakeFiles/CustomBootloader.dir/Drivers/STM32F4xx_HAL_Driver/Src/stm32f4xx_hal.c.obj
 .debug_abbrev  0x000000000000103a      0x2c4 CMakeFiles/CustomBootloader.dir/Drivers/STM32F4xx_HAL_Driver/Src/stm32f4xx_hal_uart.c.obj
 .debug_abbrev  0x00000000000012fe      0x116 CMakeFiles/CustomBootloader.dir/Core/Src/system_stm32f4xx.c.obj
 .debug_abbrev  0x0000000000001414       0x12 CMakeFiles/CustomBootloader.dir/startup_stm32f401xe.s.obj
 .debug_abbrev  0x0000000000001426       0x14 /usr/lib/gcc/arm-none-eabi/10.3.1/thumb/v7e-m+fp/hard/libgcc.a(_aeabi_uldivmod.o)
 .debug_abbrev  0x000000000000143a      0x163 /usr/lib/gcc/arm-none-eabi/10.3.1/thumb/v7e-m+fp/hard/libgcc.a(_udivmoddi4.o)
 .debug_abbrev  0x000000000000159d       0x14 /usr/lib/gcc/arm-none-eabi/10.3.1/thumb/v7e-m+fp/hard/libgcc.a(_dvmd_tls.o)

.debug_loc      0x0000000000000000     0x12f5
 .debug_loc     0x0000000000000000       0xba /usr/lib/gcc/arm-none-eabi/10.3.1/../../../arm-none-eabi/lib/thumb/v7e-m+fp/hard/libc_nano.a(lib_a-init.o)
 .debug_loc     0x00000000000000ba      0x22c /usr/lib/gcc/arm-none-eabi/10.3.1/../../../arm-none-eabi/lib/thumb/v7e-m+fp/hard/libc_nano.a(lib_a-memset.o)
 .debug_loc     0x00000000000002e6     0x100f /usr/lib/gcc/arm-none-eabi/10.3.1/thumb/v7e-m+fp/hard/libgcc.a(_udivmoddi4.o)

.debug_aranges  0x0000000000000000      0x720
 .debug_aranges
                0x0000000000000000       0x20 /usr/lib/gcc/arm-none-eabi/10.3.1/../../../arm-none-eabi/lib/thumb/v7e-m+fp/hard/libc_nano.a(lib_a-init.o)
 .debug_aranges
                0x0000000000000020       0x20 /usr/lib/gcc/arm-none-eabi/10.3.1/../../../arm-none-eabi/lib/thumb/v7e-m+fp/hard/libc_nano.a(lib_a-memset.o)
 .debug_aranges
                0x0000000000000040       0x48 CMakeFiles/CustomBootloader.dir/Core/Src/main.c.obj
 .debug_aranges
                0x0000000000000088       0x60 CMakeFiles/CustomBootloader.dir/Core/Src/stm32f4xx_it.c.obj
 .debug_aranges
                0x00000000000000e8       0x40 CMakeFiles/CustomBootloader.dir/Core/Src/stm32f4xx_hal_msp.c.obj
 .debug_aranges
                0x0000000000000128       0x50 CMakeFiles/CustomBootloader.dir/Drivers/STM32F4xx_HAL_Driver/Src/stm32f4xx_hal_crc.c.obj
 .debug_aranges
                0x0000000000000178       0x88 CMakeFiles/CustomBootloader.dir/Drivers/STM32F4xx_HAL_Driver/Src/stm32f4xx_hal_rcc.c.obj
 .debug_aranges
                0x0000000000000200       0x58 CMakeFiles/CustomBootloader.dir/Drivers/STM32F4xx_HAL_Driver/Src/stm32f4xx_hal_gpio.c.obj
 .debug_aranges
                0x0000000000000258      0x120 CMakeFiles/CustomBootloader.dir/Drivers/STM32F4xx_HAL_Driver/Src/stm32f4xx_hal_cortex.c.obj
 .debug_aranges
                0x0000000000000378       0xf0 CMakeFiles/CustomBootloader.dir/Drivers/STM32F4xx_HAL_Driver/Src/stm32f4xx_hal.c.obj
 .debug_aranges
                0x0000000000000468      0x208 CMakeFiles/CustomBootloader.dir/Drivers/STM32F4xx_HAL_Driver/Src/stm32f4xx_hal_uart.c.obj
 .debug_aranges
                0x0000000000000670       0x28 CMakeFiles/CustomBootloader.dir/Core/Src/system_stm32f4xx.c.obj
 .debug_aranges
                0x0000000000000698       0x28 CMakeFiles/CustomBootloader.dir/startup_stm32f401xe.s.obj
 .debug_aranges
                0x00000000000006c0       0x20 /usr/lib/gcc/arm-none-eabi/10.3.1/thumb/v7e-m+fp/hard/libgcc.a(_aeabi_uldivmod.o)
 .debug_aranges
                0x00000000000006e0       0x20 /usr/lib/gcc/arm-none-eabi/10.3.1/thumb/v7e-m+fp/hard/libgcc.a(_udivmoddi4.o)
 .debug_aranges
                0x0000000000000700       0x20 /usr/lib/gcc/arm-none-eabi/10.3.1/thumb/v7e-m+fp/hard/libgcc.a(_dvmd_tls.o)

.debug_line     0x0000000000000000     0x7964
 .debug_line    0x0000000000000000      0x138 /usr/lib/gcc/arm-none-eabi/10.3.1/../../../arm-none-eabi/lib/thumb/v7e-m+fp/hard/libc_nano.a(lib_a-init.o)
 .debug_line    0x0000000000000138      0x1bf /usr/lib/gcc/arm-none-eabi/10.3.1/../../../arm-none-eabi/lib/thumb/v7e-m+fp/hard/libc_nano.a(lib_a-memset.o)
 .debug_line    0x00000000000002f7      0x679 CMakeFiles/CustomBootloader.dir/Core/Src/main.c.obj
 .debug_line    0x0000000000000970      0x634 CMakeFiles/CustomBootloader.dir/Core/Src/stm32f4xx_it.c.obj
 .debug_line    0x0000000000000fa4      0x5f8 CMakeFiles/CustomBootloader.dir/Core/Src/stm32f4xx_hal_msp.c.obj
 .debug_line    0x000000000000159c      0x6b8 CMakeFiles/CustomBootloader.dir/Drivers/STM32F4xx_HAL_Driver/Src/stm32f4xx_hal_crc.c.obj
 .debug_line    0x0000000000001c54      0xbd5 CMakeFiles/CustomBootloader.dir/Drivers/STM32F4xx_HAL_Driver/Src/stm32f4xx_hal_rcc.c.obj
 .debug_line    0x0000000000002829      0x991 CMakeFiles/CustomBootloader.dir/Drivers/STM32F4xx_HAL_Driver/Src/stm32f4xx_hal_gpio.c.obj
 .debug_line    0x00000000000031ba      0xb25 CMakeFiles/CustomBootloader.dir/Drivers/STM32F4xx_HAL_Driver/Src/stm32f4xx_hal_cortex.c.obj
 .debug_line    0x0000000000003cdf      0x859 CMakeFiles/CustomBootloader.dir/Drivers/STM32F4xx_HAL_Driver/Src/stm32f4xx_hal.c.obj
 .debug_line    0x0000000000004538     0x2719 CMakeFiles/CustomBootloader.dir/Drivers/STM32F4xx_HAL_Driver/Src/stm32f4xx_hal_uart.c.obj
 .debug_line    0x0000000000006c51      0x5f3 CMakeFiles/CustomBootloader.dir/Core/Src/system_stm32f4xx.c.obj
 .debug_line    0x0000000000007244       0xb2 CMakeFiles/CustomBootloader.dir/startup_stm32f401xe.s.obj
 .debug_line    0x00000000000072f6       0x60 /usr/lib/gcc/arm-none-eabi/10.3.1/thumb/v7e-m+fp/hard/libgcc.a(_aeabi_uldivmod.o)
 .debug_line    0x0000000000007356      0x5ae /usr/lib/gcc/arm-none-eabi/10.3.1/thumb/v7e-m+fp/hard/libgcc.a(_udivmoddi4.o)
 .debug_line    0x0000000000007904       0x60 /usr/lib/gcc/arm-none-eabi/10.3.1/thumb/v7e-m+fp/hard/libgcc.a(_dvmd_tls.o)

.debug_str      0x0000000000000000    0x8196e
 .debug_str     0x0000000000000000      0x17b /usr/lib/gcc/arm-none-eabi/10.3.1/../../../arm-none-eabi/lib/thumb/v7e-m+fp/hard/libc_nano.a(lib_a-init.o)
                                        0x20b (size before relaxing)
 .debug_str     0x000000000000017b       0xb1 /usr/lib/gcc/arm-none-eabi/10.3.1/../../../arm-none-eabi/lib/thumb/v7e-m+fp/hard/libc_nano.a(lib_a-memset.o)
                                        0x1c0 (size before relaxing)
 .debug_str     0x000000000000022c    0x7f4f7 CMakeFiles/CustomBootloader.dir/Core/Src/main.c.obj
                                      0x7f7c0 (size before relaxing)
 .debug_str     0x000000000007f723       0xf6 CMakeFiles/CustomBootloader.dir/Core/Src/stm32f4xx_it.c.obj
                                      0x7f029 (size before relaxing)
 .debug_str     0x000000000007f819       0xb1 CMakeFiles/CustomBootloader.dir/Core/Src/stm32f4xx_hal_msp.c.obj
                                      0x7f661 (size before relaxing)
 .debug_str     0x000000000007f8ca       0xf5 CMakeFiles/CustomBootloader.dir/Drivers/STM32F4xx_HAL_Driver/Src/stm32f4xx_hal_crc.c.obj
                                      0x7f047 (size before relaxing)
 .debug_str     0x000000000007f9bf      0x305 CMakeFiles/CustomBootloader.dir/Drivers/STM32F4xx_HAL_Driver/Src/stm32f4xx_hal_rcc.c.obj
                                      0x7f42d (size before relaxing)
 .debug_str     0x000000000007fcc4      0x193 CMakeFiles/CustomBootloader.dir/Drivers/STM32F4xx_HAL_Driver/Src/stm32f4xx_hal_gpio.c.obj
                                      0x7f1a6 (size before relaxing)
 .debug_str     0x000000000007fe57      0x7cd CMakeFiles/CustomBootloader.dir/Drivers/STM32F4xx_HAL_Driver/Src/stm32f4xx_hal_cortex.c.obj
                                      0x7f786 (size before relaxing)
 .debug_str     0x0000000000080624      0x5e5 CMakeFiles/CustomBootloader.dir/Drivers/STM32F4xx_HAL_Driver/Src/stm32f4xx_hal.c.obj
                                      0x7fa13 (size before relaxing)
 .debug_str     0x0000000000080c09      0x66a CMakeFiles/CustomBootloader.dir/Drivers/STM32F4xx_HAL_Driver/Src/stm32f4xx_hal_uart.c.obj
                                      0x7f9ac (size before relaxing)
 .debug_str     0x0000000000081273       0x83 CMakeFiles/CustomBootloader.dir/Core/Src/system_stm32f4xx.c.obj
                                      0x7f036 (size before relaxing)
 .debug_str     0x00000000000812f6       0x5e CMakeFiles/CustomBootloader.dir/startup_stm32f401xe.s.obj
                                         0xa6 (size before relaxing)
 .debug_str     0x0000000000081354       0xa6 /usr/lib/gcc/arm-none-eabi/10.3.1/thumb/v7e-m+fp/hard/libgcc.a(_aeabi_uldivmod.o)
 .debug_str     0x00000000000813fa      0x544 /usr/lib/gcc/arm-none-eabi/10.3.1/thumb/v7e-m+fp/hard/libgcc.a(_udivmoddi4.o)
                                        0x647 (size before relaxing)
 .debug_str     0x000000000008193e       0x30 /usr/lib/gcc/arm-none-eabi/10.3.1/thumb/v7e-m+fp/hard/libgcc.a(_dvmd_tls.o)
                                         0xaa (size before relaxing)

.debug_frame    0x0000000000000000     0x1984
 .debug_frame   0x0000000000000000       0x2c /usr/lib/gcc/arm-none-eabi/10.3.1/../../../arm-none-eabi/lib/thumb/v7e-m+fp/hard/libc_nano.a(lib_a-init.o)
 .debug_frame   0x000000000000002c       0x2c /usr/lib/gcc/arm-none-eabi/10.3.1/../../../arm-none-eabi/lib/thumb/v7e-m+fp/hard/libc_nano.a(lib_a-memset.o)
 .debug_frame   0x0000000000000058       0xc4 CMakeFiles/CustomBootloader.dir/Core/Src/main.c.obj
 .debug_frame   0x000000000000011c      0x104 CMakeFiles/CustomBootloader.dir/Core/Src/stm32f4xx_it.c.obj
 .debug_frame   0x0000000000000220       0xcc CMakeFiles/CustomBootloader.dir/Core/Src/stm32f4xx_hal_msp.c.obj
 .debug_frame   0x00000000000002ec      0x120 CMakeFiles/CustomBootloader.dir/Drivers/STM32F4xx_HAL_Driver/Src/stm32f4xx_hal_crc.c.obj
 .debug_frame   0x000000000000040c      0x1f4 CMakeFiles/CustomBootloader.dir/Drivers/STM32F4xx_HAL_Driver/Src/stm32f4xx_hal_rcc.c.obj
 .debug_frame   0x0000000000000600      0x14c CMakeFiles/CustomBootloader.dir/Drivers/STM32F4xx_HAL_Driver/Src/stm32f4xx_hal_gpio.c.obj
 .debug_frame   0x000000000000074c      0x4b8 CMakeFiles/CustomBootloader.dir/Drivers/STM32F4xx_HAL_Driver/Src/stm32f4xx_hal_cortex.c.obj
 .debug_frame   0x0000000000000c04      0x374 CMakeFiles/CustomBootloader.dir/Drivers/STM32F4xx_HAL_Driver/Src/stm32f4xx_hal.c.obj
 .debug_frame   0x0000000000000f78      0x954 CMakeFiles/CustomBootloader.dir/Drivers/STM32F4xx_HAL_Driver/Src/stm32f4xx_hal_uart.c.obj
 .debug_frame   0x00000000000018cc       0x58 CMakeFiles/CustomBootloader.dir/Core/Src/system_stm32f4xx.c.obj
 .debug_frame   0x0000000000001924       0x2c /usr/lib/gcc/arm-none-eabi/10.3.1/thumb/v7e-m+fp/hard/libgcc.a(_aeabi_uldivmod.o)
 .debug_frame   0x0000000000001950       0x34 /usr/lib/gcc/arm-none-eabi/10.3.1/thumb/v7e-m+fp/hard/libgcc.a(_udivmoddi4.o)

.debug_ranges   0x0000000000000000      0x6f0
 .debug_ranges  0x0000000000000000       0x38 CMakeFiles/CustomBootloader.dir/Core/Src/main.c.obj
 .debug_ranges  0x0000000000000038       0x50 CMakeFiles/CustomBootloader.dir/Core/Src/stm32f4xx_it.c.obj
 .debug_ranges  0x0000000000000088       0x30 CMakeFiles/CustomBootloader.dir/Core/Src/stm32f4xx_hal_msp.c.obj
 .debug_ranges  0x00000000000000b8       0x40 CMakeFiles/CustomBootloader.dir/Drivers/STM32F4xx_HAL_Driver/Src/stm32f4xx_hal_crc.c.obj
 .debug_ranges  0x00000000000000f8       0x78 CMakeFiles/CustomBootloader.dir/Drivers/STM32F4xx_HAL_Driver/Src/stm32f4xx_hal_rcc.c.obj
 .debug_ranges  0x0000000000000170       0x48 CMakeFiles/CustomBootloader.dir/Drivers/STM32F4xx_HAL_Driver/Src/stm32f4xx_hal_gpio.c.obj
 .debug_ranges  0x00000000000001b8      0x110 CMakeFiles/CustomBootloader.dir/Drivers/STM32F4xx_HAL_Driver/Src/stm32f4xx_hal_cortex.c.obj
 .debug_ranges  0x00000000000002c8       0xe0 CMakeFiles/CustomBootloader.dir/Drivers/STM32F4xx_HAL_Driver/Src/stm32f4xx_hal.c.obj
 .debug_ranges  0x00000000000003a8      0x228 CMakeFiles/CustomBootloader.dir/Drivers/STM32F4xx_HAL_Driver/Src/stm32f4xx_hal_uart.c.obj
 .debug_ranges  0x00000000000005d0       0x18 CMakeFiles/CustomBootloader.dir/Core/Src/system_stm32f4xx.c.obj
 .debug_ranges  0x00000000000005e8       0x20 CMakeFiles/CustomBootloader.dir/startup_stm32f401xe.s.obj
 .debug_ranges  0x0000000000000608       0xe8 /usr/lib/gcc/arm-none-eabi/10.3.1/thumb/v7e-m+fp/hard/libgcc.a(_udivmoddi4.o)

.debug_macro    0x0000000000000000    0x14554
 .debug_macro   0x0000000000000000      0x18a CMakeFiles/CustomBootloader.dir/Core/Src/main.c.obj
 .debug_macro   0x000000000000018a      0xa78 CMakeFiles/CustomBootloader.dir/Core/Src/main.c.obj
 .debug_macro   0x0000000000000c02      0x29b CMakeFiles/CustomBootloader.dir/Core/Src/main.c.obj
 .debug_macro   0x0000000000000e9d       0x2e CMakeFiles/CustomBootloader.dir/Core/Src/main.c.obj
 .debug_macro   0x0000000000000ecb       0x28 CMakeFiles/CustomBootloader.dir/Core/Src/main.c.obj
 .debug_macro   0x0000000000000ef3      0x34e CMakeFiles/CustomBootloader.dir/Core/Src/main.c.obj
 .debug_macro   0x0000000000001241       0x1c CMakeFiles/CustomBootloader.dir/Core/Src/main.c.obj
 .debug_macro   0x000000000000125d       0x22 CMakeFiles/CustomBootloader.dir/Core/Src/main.c.obj
 .debug_macro   0x000000000000127f       0xfb CMakeFiles/CustomBootloader.dir/Core/Src/main.c.obj
 .debug_macro   0x000000000000137a     0x1011 CMakeFiles/CustomBootloader.dir/Core/Src/main.c.obj
 .debug_macro   0x000000000000238b      0x11f CMakeFiles/CustomBootloader.dir/Core/Src/main.c.obj
 .debug_macro   0x00000000000024aa     0xb86c CMakeFiles/CustomBootloader.dir/Core/Src/main.c.obj
 .debug_macro   0x000000000000dd16       0x6d CMakeFiles/CustomBootloader.dir/Core/Src/main.c.obj
 .debug_macro   0x000000000000dd83     0x368c CMakeFiles/CustomBootloader.dir/Core/Src/main.c.obj
 .debug_macro   0x000000000001140f      0x174 CMakeFiles/CustomBootloader.dir/Core/Src/main.c.obj
 .debug_macro   0x0000000000011583       0x5c CMakeFiles/CustomBootloader.dir/Core/Src/main.c.obj
 .debug_macro   0x00000000000115df      0x416 CMakeFiles/CustomBootloader.dir/Core/Src/main.c.obj
 .debug_macro   0x00000000000119f5      0x9e9 CMakeFiles/CustomBootloader.dir/Core/Src/main.c.obj
 .debug_macro   0x00000000000123de      0x115 CMakeFiles/CustomBootloader.dir/Core/Src/main.c.obj
 .debug_macro   0x00000000000124f3       0xf8 CMakeFiles/CustomBootloader.dir/Core/Src/main.c.obj
 .debug_macro   0x00000000000125eb       0xa5 CMakeFiles/CustomBootloader.dir/Core/Src/main.c.obj
 .debug_macro   0x0000000000012690      0x15f CMakeFiles/CustomBootloader.dir/Core/Src/main.c.obj
 .debug_macro   0x00000000000127ef      0x287 CMakeFiles/CustomBootloader.dir/Core/Src/main.c.obj
 .debug_macro   0x0000000000012a76       0x5f CMakeFiles/CustomBootloader.dir/Core/Src/main.c.obj
 .debug_macro   0x0000000000012ad5      0x236 CMakeFiles/CustomBootloader.dir/Core/Src/main.c.obj
 .debug_macro   0x0000000000012d0b       0x22 CMakeFiles/CustomBootloader.dir/Core/Src/main.c.obj
 .debug_macro   0x0000000000012d2d      0x132 CMakeFiles/CustomBootloader.dir/Core/Src/main.c.obj
 .debug_macro   0x0000000000012e5f      0x264 CMakeFiles/CustomBootloader.dir/Core/Src/main.c.obj
 .debug_macro   0x00000000000130c3       0x2e CMakeFiles/CustomBootloader.dir/Core/Src/main.c.obj
 .debug_macro   0x00000000000130f1      0x127 CMakeFiles/CustomBootloader.dir/Core/Src/main.c.obj
 .debug_macro   0x0000000000013218       0x85 CMakeFiles/CustomBootloader.dir/Core/Src/main.c.obj
 .debug_macro   0x000000000001329d       0x89 CMakeFiles/CustomBootloader.dir/Core/Src/main.c.obj
 .debug_macro   0x0000000000013326      0x2aa CMakeFiles/CustomBootloader.dir/Core/Src/main.c.obj
 .debug_macro   0x00000000000135d0      0x126 CMakeFiles/CustomBootloader.dir/Core/Src/main.c.obj
 .debug_macro   0x00000000000136f6       0x58 CMakeFiles/CustomBootloader.dir/Core/Src/main.c.obj
 .debug_macro   0x000000000001374e      0x194 CMakeFiles/CustomBootloader.dir/Core/Src/stm32f4xx_it.c.obj
 .debug_macro   0x00000000000138e2      0x18a CMakeFiles/CustomBootloader.dir/Core/Src/stm32f4xx_hal_msp.c.obj
 .debug_macro   0x0000000000013a6c      0x17b CMakeFiles/CustomBootloader.dir/Drivers/STM32F4xx_HAL_Driver/Src/stm32f4xx_hal_crc.c.obj
 .debug_macro   0x0000000000013be7      0x19f CMakeFiles/CustomBootloader.dir/Drivers/STM32F4xx_HAL_Driver/Src/stm32f4xx_hal_rcc.c.obj
 .debug_macro   0x0000000000013d86      0x181 CMakeFiles/CustomBootloader.dir/Drivers/STM32F4xx_HAL_Driver/Src/stm32f4xx_hal_gpio.c.obj
 .debug_macro   0x0000000000013f07      0x17b CMakeFiles/CustomBootloader.dir/Drivers/STM32F4xx_HAL_Driver/Src/stm32f4xx_hal_cortex.c.obj
 .debug_macro   0x0000000000014082      0x1db CMakeFiles/CustomBootloader.dir/Drivers/STM32F4xx_HAL_Driver/Src/stm32f4xx_hal.c.obj
 .debug_macro   0x000000000001425d      0x17c CMakeFiles/CustomBootloader.dir/Drivers/STM32F4xx_HAL_Driver/Src/stm32f4xx_hal_uart.c.obj
 .debug_macro   0x00000000000143d9      0x17b CMakeFiles/CustomBootloader.dir/Core/Src/system_stm32f4xx.c.obj
